Try the new cross-platform PowerShell https://aka.ms/pscore6

PS C:\Users\God of War\Documents\GitHub> mkdir FirstCSharp


    Directory: C:\Users\God of War\Documents\GitHub


Mode                LastWriteTime         Length Name                                                                                                                                                                                        
----                -------------         ------ ----                                                                                                                                                                                        
d-----       10/28/2019  11:43 AM                FirstCSharp                                                                                                                                                                                 


PS C:\Users\God of War\Documents\GitHub> cd .\FirstCSharp\

---------------------
Use 'dotnet --help' to see available commands or visit: https://aka.ms/dotnet-cli-docs

Telemetry
---------
The .NET Core tools collect usage data in order to help us improve your experience. The data is anonymous and doesn't include command-line arguments. The data is collected by Microsoft and shared with the community. You 
can opt-out of telemetry by setting the DOTNET_CLI_TELEMETRY_OPTOUT environment variable to '1' or 'true' using your favorite shell.

Read more about .NET Core CLI Tools telemetry: https://aka.ms/dotnet-cli-telemetry                                                                                                                                          can opt-out of te

ASP.NET Core
------------
To trust the certificate run 'dotnet dev-certs https --trust' (Windows and macOS only). For establishing trust on other platforms refer to the platform specific documentation.
Getting ready...
The template "Console Application" was created successfully.

Processing post-creation actions...
Running 'dotnet restore' on C:\Users\God of War\Documents\GitHub\FirstCSharp\FirstCSharp.csproj...
  Restoring packages for C:\Users\God of War\Documents\GitHub\FirstCSharp\FirstCSharp.csproj...
  Generating MSBuild file C:\Users\God of War\Documents\GitHub\FirstCSharp\obj\FirstCSharp.csproj.nuget.g.props.
  Generating MSBuild file C:\Users\God of War\Documents\GitHub\FirstCSharp\obj\FirstCSharp.csproj.nuget.g.targets.
  Restore completed in 349.47 ms for C:\Users\God of War\Documents\GitHub\FirstCSharp\FirstCSharp.csproj.

Restore succeeded.

PS C:\Users\God of War\Documents\GitHub\FirstCSharp> dotnet run
Hello World!
PS C:\Users\God of War\Documents\GitHub\FirstCSharp> dotnet --version
2.2.107
PS C:\Users\God of War\Documents\GitHub\FirstCSharp> dotnet build    
Microsoft (R) Build Engine version 15.9.20+g88f5fadfbe for .NET Core
Copyright (C) Microsoft Corporation. All rights reserved.

  Restore completed in 44.33 ms for C:\Users\God of War\Documents\GitHub\FirstCSharp\FirstCSharp.csproj.
  FirstCSharp -> C:\Users\God of War\Documents\GitHub\FirstCSharp\bin\Debug\netcoreapp2.2\FirstCSharp.dll

Build succeeded.
    0 Warning(s)
    0 Error(s)

Time Elapsed 00:00:01.10
PS C:\Users\God of War\Documents\GitHub\FirstCSharp> dotnet run \bin\Debug\netcoreapp2.2\FirstCSharp.dll
Hello World!
PS C:\Users\God of War\Documents\GitHub\FirstCSharp> dotnet run
Hello World!
PS C:\Users\God of War\Documents\GitHub\FirstCSharp>